=== financial_table_and_chart.pdf | 0.0s
ReduceMeanCheckIfOneDNNSupport
ReduceMeanCheckIfOneDNNSupport
ReduceMeanCheckIfOneDNNSupport
ReduceMeanCheckIfOneDNNSupport
ReduceMeanCheckIfOneDNNSupport
ReduceMeanCheckIfOneDNNSupport
ReduceMeanCheckIfOneDNNSupport
ReduceMeanCheckIfOneDNNSupport
ReduceMeanCheckIfOneDNNSupport
ReduceMeanCheckIfOneDNNSupport
ReduceMeanCheckIfOneDNNSupport
{"invoice_number": null, "invoice_date": null, "company_name": "Revenue Trend", "gst_rate": null, "taxable_value": null, "total_amount": null, "cgst": null, "sgst": null, "igst": null, "hsn_code": null, "quantity": null, "item_description": null, "confidence": 0.1}
--- raw: Financial Report (Q4 2026)
Sample PDF for demonstrating markdown conversion scenarios, including:
• Section titles
• A text-aligned table with missing values
• A chart with labels and annotations
Department Report
The following table shows the financial report for each department.
Department
Revenue ($K)
Expenses ($K)
Profit ($K)
Growth (%)
Sales
1450
950
500
14
Marketing
980
9
Support
420
R&D
800
=== invoice.pdf | 0.0s
{"invoice_number": null, "invoice_date": "11/15/2019", "company_name": null, "gst_rate": null, "taxable_value": null, "total_amount": 10.0, "cgst": null, "sgst": null, "igst": null, "hsn_code": null, "quantity": null, "item_description": "CODE", "confidence": 0.3}
--- raw: INVOICE
CONTOSO LTD.
Contoso Headquarters
INVOICE: INV-100
123 456th St
INVOICE DATE: 11/15/2019
New York, NY, 10001
DUE DATE: 12/15/2019
CUSTOMER NAME: MICROSOFT CORPORATION
SERVICE PERIOD: 10/14/2019 – 11/14/2019
CUSTOMER ID: CID-12345
Microsoft Corp
123 Other St,
Redmond WA, 98052
BILL TO:
SHIP TO:
SERVICE ADDRESS:
Microsoft Finance
Microsoft Delivery
Microsoft Services
123 Bill St,
123 Ship St
=== mixed_financial_docs.pdf | 0.0s
{"invoice_number": null, "invoice_date": "11/15/2019", "company_name": "$89.99", "gst_rate": null, "taxable_value": null, "total_amount": 10.0, "cgst": null, "sgst": null, "igst": null, "hsn_code": null, "quantity": null, "item_description": "CODE", "confidence": 0.4}
--- raw: INVOICE
CONTOSO LTD.
Contoso Headquarters
INVOICE: INV-100
123 456th St
INVOICE DATE: 11/15/2019
New York, NY, 10001
DUE DATE: 12/15/2019
CUSTOMER NAME: MICROSOFT CORPORATION
SERVICE PERIOD: 10/14/2019 – 11/14/2019
CUSTOMER ID: CID-12345
Microsoft Corp
123 Other St,
Redmond WA, 98052
BILL TO:
SHIP TO:
SERVICE ADDRESS:
Microsoft Finance
Microsoft Delivery
Microsoft Services
123 Bill St,
123 Ship St
=== mixed_financial_invoices.pdf | 0.0s
{"invoice_number": null, "invoice_date": "03/01/2026", "company_name": "Contoso Supplies / Customer: AdventureWorks Industrial", "gst_rate": null, "taxable_value": null, "total_amount": 3306.25, "cgst": null, "sgst": null, "igst": null, "hsn_code": null, "quantity": null, "item_description": "CODE", "confidence": 0.4}
--- raw: Page T of 10
other data are fabricated.
CONTOSO SUPPLIES
Contoso Headquarters
1200 Contoso Way, Suite 400
Seattle, WA 98101
AdventureWorks Industrial
500 Innovation Blvd
Redmond, WA 98052
INVOICE
INVOICE:
INV-2026-A-00147
INVOICE DATE:
03/01/2026
DUE DATE:
03/31/2026
CUSTOMER NAME:
ADVENTUREWORKS INDUSTRIAL
CUSTOMER ID:
CID-AWI-5500
BILL TO:
SHIP TO:
AdventureWorks Finance
AdventureWorks Warehouse
=== receipt.png | 0.0s
{"invoice_number": null, "invoice_date": null, "company_name": null, "gst_rate": null, "taxable_value": null, "total_amount": 2297.97, "cgst": null, "sgst": null, "igst": null, "hsn_code": null, "quantity": null, "item_description": null, "confidence": 0.1}
--- raw: Contoso
123 Main Street
Redmond, WA 98052
987-654-3210
6/10/2019 13:59
Sales Associate: Paul
2 Surface Pro 6
$1,998.00
3 Surface Pen
$299.97
Sub-Total
$2,297.97
Tax
$218.31
Total
$2,516.28
=== uniform_sales_invoice.pdf | 0.0s
{"invoice_number": null, "invoice_date": null, "company_name": "Name", "gst_rate": null, "taxable_value": null, "total_amount": null, "cgst": null, "sgst": null, "igst": null, "hsn_code": null, "quantity": null, "item_description": "#", "confidence": 0.2}
--- raw: Install Invoice Manager
Date Picker
Fomula Manager
Password Remover
from Microsoft Store
adds a calendar
Find, update, analyze, import and export
to generate PDF invoice
for Excel
to date cells
Excel formulas and defined names
Mind Map
Making
Create PDF files at any
Gantt Chart
Flowchart is easy now
size
from text list
Basic Sales Invoice Template (Light Blue)
400+ Free Excel Invoice Templates
Uni
