clean_print      10/12 items 0.33 conf 1.00  50.9s miss=company_name,quantity
ReduceMeanCheckIfOneDNNSupport
ReduceMeanCheckIfOneDNNSupport
ReduceMeanCheckIfOneDNNSupport
ReduceMeanCheckIfOneDNNSupport
ReduceMeanCheckIfOneDNNSupport
ReduceMeanCheckIfOneDNNSupport
ReduceMeanCheckIfOneDNNSupport
ReduceMeanCheckIfOneDNNSupport
ReduceMeanCheckIfOneDNNSupport
ReduceMeanCheckIfOneDNNSupport
ReduceMeanCheckIfOneDNNSupport
two_col          10/12 items 1.00 conf 1.00 269.5s miss=company_name,quantity
low_contrast     11/12 items 1.00 conf 1.00 101.7s miss=company_name
skewed            9/12 items 0.00 conf 1.00  10.3s miss=company_name,quantity,item_description
noisy            11/12 items 1.00 conf 1.00  96.9s miss=company_name
rotated90         5/12 items 0.00 conf 0.50 111.0s miss=invoice_date,company_name,cgst,sgst,hsn_code,quantity,item_description
table_only       11/12 items 0.75 conf 1.00  14.2s miss=company_name
small_font       10/12 items 0.50 conf 1.00  10.0s miss=company_name,quantity
shadow_band      11/12 items 1.00 conf 1.00 146.9s miss=company_name
merged_cells      9/12 items 0.50 conf 1.00 149.1s miss=company_name,quantity,item_description

== app.ocr == fields 97/120 (0.808) items 14/24 (0.583) overall 0.741 avg_conf 0.95
saved C:\Users\ItzP\ffaa\ffaa-backend\bench\result_ocr.json
