ReduceMeanCheckIfOneDNNSupport
ReduceMeanCheckIfOneDNNSupport
ReduceMeanCheckIfOneDNNSupport
ReduceMeanCheckIfOneDNNSupport
ReduceMeanCheckIfOneDNNSupport
ReduceMeanCheckIfOneDNNSupport
ReduceMeanCheckIfOneDNNSupport
ReduceMeanCheckIfOneDNNSupport
ReduceMeanCheckIfOneDNNSupport
ReduceMeanCheckIfOneDNNSupport
ReduceMeanCheckIfOneDNNSupport
clean_print      12/12 items 1.00 conf 1.00 122.6s miss=-
two_col          11/12 items 1.00 conf 1.00  79.3s miss=quantity
low_contrast     12/12 items 1.00 conf 1.00  93.4s miss=-
skewed           12/12 items 1.00 conf 1.00 108.2s miss=-
noisy            12/12 items 1.00 conf 1.00 101.7s miss=-
rotated90        12/12 items 1.00 conf 1.00  93.7s miss=-
table_only       12/12 items 1.00 conf 1.00 104.9s miss=-
small_font       12/12 items 1.00 conf 1.00 130.7s miss=-
shadow_band      12/12 items 1.00 conf 1.00 100.4s miss=-
merged_cells     10/12 items 0.50 conf 1.00  95.2s miss=quantity,item_description

== app.ocr == fields 117/120 (0.975) items 23/1 (23.000) overall 7.582 avg_conf 1.00
saved C:\Users\ItzP\ffaa\ffaa-backend\bench\result_ocr.json
