ReduceMeanCheckIfOneDNNSupport
ReduceMeanCheckIfOneDNNSupport
ReduceMeanCheckIfOneDNNSupport
ReduceMeanCheckIfOneDNNSupport
ReduceMeanCheckIfOneDNNSupport
ReduceMeanCheckIfOneDNNSupport
ReduceMeanCheckIfOneDNNSupport
ReduceMeanCheckIfOneDNNSupport
ReduceMeanCheckIfOneDNNSupport
ReduceMeanCheckIfOneDNNSupport
ReduceMeanCheckIfOneDNNSupport
clean_print      10/12 items 0.00 conf 1.00 215.9s miss=quantity,item_description
two_col          10/12 items 0.00 conf 1.00 157.3s miss=quantity,item_description
low_contrast     10/12 items 0.00 conf 1.00 168.1s miss=quantity,item_description
skewed           12/12 items 0.67 conf 1.00 165.8s miss=-
noisy            12/12 items 0.00 conf 1.00 118.9s miss=-
rotated90        12/12 items 1.00 conf 1.00 111.9s miss=-
table_only       12/12 items 0.50 conf 1.00 138.9s miss=-
small_font       12/12 items 0.75 conf 1.00 137.7s miss=-
shadow_band       8/12 items 0.00 conf 0.70 134.0s miss=gst_rate,total_amount,hsn_code,item_description
merged_cells     10/12 items 0.00 conf 1.00 143.2s miss=quantity,item_description

== app.ocr == fields 108/120 (0.900) items 8/16 (0.500) overall 0.780 avg_conf 0.97
saved C:\Users\ItzP\ffaa\ffaa-backend\bench\result_ocr.json
