clean_print      12/12 items 0.67 conf 1.00  31.1s miss=-
ReduceMeanCheckIfOneDNNSupport
ReduceMeanCheckIfOneDNNSupport
ReduceMeanCheckIfOneDNNSupport
ReduceMeanCheckIfOneDNNSupport
ReduceMeanCheckIfOneDNNSupport
ReduceMeanCheckIfOneDNNSupport
ReduceMeanCheckIfOneDNNSupport
ReduceMeanCheckIfOneDNNSupport
ReduceMeanCheckIfOneDNNSupport
ReduceMeanCheckIfOneDNNSupport
ReduceMeanCheckIfOneDNNSupport
two_col          11/12 items 1.00 conf 1.00 135.1s miss=quantity
low_contrast     12/12 items 1.00 conf 1.00  86.6s miss=-
skewed           10/12 items 0.00 conf 1.00   6.3s miss=quantity,item_description
noisy            12/12 items 1.00 conf 1.00 107.2s miss=-
rotated90         6/12 items 0.00 conf 0.50  81.1s miss=invoice_date,cgst,sgst,hsn_code,quantity,item_description
table_only       12/12 items 0.75 conf 1.00   6.1s miss=-
small_font       12/12 items 0.75 conf 1.00   5.5s miss=-
shadow_band      12/12 items 1.00 conf 1.00  80.3s miss=-
merged_cells     10/12 items 0.50 conf 1.00  81.7s miss=quantity,item_description

== app.ocr == fields 109/120 (0.908) items 16/24 (0.667) overall 0.836 avg_conf 0.95
saved C:\Users\ItzP\ffaa\ffaa-backend\bench\result_ocr.json
